// Jest Snapshot v1, https://goo.gl/fbAQLP

exports[`PersonalStatus renders 1`] = `
<withStyles(GridWrapper)
  align="stretch"
  container={true}
  spacing={16}
>
  <withStyles(GridWrapper)
    item={true}
    sm={6}
    xs={12}
  >
    <HighlightBox
      title="Current balance"
    />
  </withStyles(GridWrapper)>
  <withStyles(GridWrapper)
    item={true}
    sm={6}
    xs={12}
  >
    <HighlightBox
      title="Total Income"
    />
  </withStyles(GridWrapper)>
  <withStyles(GridWrapper)
    item={true}
    sm={6}
    xs={12}
  >
    <HighlightBox
      title="Total Expenditures"
    />
  </withStyles(GridWrapper)>
  <withStyles(GridWrapper)
    item={true}
    sm={6}
    xs={12}
  >
    <HighlightBox
      title="Available money"
      value={NaN}
    />
  </withStyles(GridWrapper)>
</withStyles(GridWrapper)>
`;
